---
source: src/cell/mod.rs
expression: moved_elements
---
[
    Polygon(
        Polygon {
            points: [],
            layer: 0,
            data_type: 0,
        },
    ),
    Path(
        Path {
            points: [],
            layer: 0,
            data_type: 0,
            type: None,
            width: None,
        },
    ),
    Text(
        Text {
            value: "",
            origin: Point {
                x: Integer(
                    IntegerUnit {
                        value: 5,
                        units: 1e-9,
                    },
                ),
                y: Integer(
                    IntegerUnit {
                        value: 5,
                        units: 1e-9,
                    },
                ),
            },
            layer: 0,
            datatype: 0,
            magnification: 1.0,
            angle: 0.0,
            x_reflection: false,
            vertical_presentation: Middle,
            horizontal_presentation: Centre,
        },
    ),
    Polygon(
        Polygon {
            points: [],
            layer: 0,
            data_type: 0,
        },
    ),
]
