---
source: crates/gdsr/src/elements/reference/mod.rs
expression: flattened
---
[
    Polygon(
        Polygon {
            points: [
                Point {
                    x: Integer(
                        IntegerUnit {
                            value: 0,
                            units: 1e-9,
                        },
                    ),
                    y: Integer(
                        IntegerUnit {
                            value: 0,
                            units: 1e-9,
                        },
                    ),
                },
                Point {
                    x: Integer(
                        IntegerUnit {
                            value: 10,
                            units: 1e-9,
                        },
                    ),
                    y: Integer(
                        IntegerUnit {
                            value: 0,
                            units: 1e-9,
                        },
                    ),
                },
                Point {
                    x: Integer(
                        IntegerUnit {
                            value: 10,
                            units: 1e-9,
                        },
                    ),
                    y: Integer(
                        IntegerUnit {
                            value: 10,
                            units: 1e-9,
                        },
                    ),
                },
                Point {
                    x: Integer(
                        IntegerUnit {
                            value: 0,
                            units: 1e-9,
                        },
                    ),
                    y: Integer(
                        IntegerUnit {
                            value: 0,
                            units: 1e-9,
                        },
                    ),
                },
            ],
            layer: 1,
            data_type: 0,
        },
    ),
    Polygon(
        Polygon {
            points: [
                Point {
                    x: Integer(
                        IntegerUnit {
                            value: 0,
                            units: 1e-9,
                        },
                    ),
                    y: Integer(
                        IntegerUnit {
                            value: 10,
                            units: 1e-9,
                        },
                    ),
                },
                Point {
                    x: Integer(
                        IntegerUnit {
                            value: 10,
                            units: 1e-9,
                        },
                    ),
                    y: Integer(
                        IntegerUnit {
                            value: 10,
                            units: 1e-9,
                        },
                    ),
                },
                Point {
                    x: Integer(
                        IntegerUnit {
                            value: 10,
                            units: 1e-9,
                        },
                    ),
                    y: Integer(
                        IntegerUnit {
                            value: 20,
                            units: 1e-9,
                        },
                    ),
                },
                Point {
                    x: Integer(
                        IntegerUnit {
                            value: 0,
                            units: 1e-9,
                        },
                    ),
                    y: Integer(
                        IntegerUnit {
                            value: 10,
                            units: 1e-9,
                        },
                    ),
                },
            ],
            layer: 1,
            data_type: 0,
        },
    ),
    Polygon(
        Polygon {
            points: [
                Point {
                    x: Integer(
                        IntegerUnit {
                            value: 10,
                            units: 1e-9,
                        },
                    ),
                    y: Integer(
                        IntegerUnit {
                            value: 0,
                            units: 1e-9,
                        },
                    ),
                },
                Point {
                    x: Integer(
                        IntegerUnit {
                            value: 20,
                            units: 1e-9,
                        },
                    ),
                    y: Integer(
                        IntegerUnit {
                            value: 0,
                            units: 1e-9,
                        },
                    ),
                },
                Point {
                    x: Integer(
                        IntegerUnit {
                            value: 20,
                            units: 1e-9,
                        },
                    ),
                    y: Integer(
                        IntegerUnit {
                            value: 10,
                            units: 1e-9,
                        },
                    ),
                },
                Point {
                    x: Integer(
                        IntegerUnit {
                            value: 10,
                            units: 1e-9,
                        },
                    ),
                    y: Integer(
                        IntegerUnit {
                            value: 0,
                            units: 1e-9,
                        },
                    ),
                },
            ],
            layer: 1,
            data_type: 0,
        },
    ),
    Polygon(
        Polygon {
            points: [
                Point {
                    x: Integer(
                        IntegerUnit {
                            value: 10,
                            units: 1e-9,
                        },
                    ),
                    y: Integer(
                        IntegerUnit {
                            value: 10,
                            units: 1e-9,
                        },
                    ),
                },
                Point {
                    x: Integer(
                        IntegerUnit {
                            value: 20,
                            units: 1e-9,
                        },
                    ),
                    y: Integer(
                        IntegerUnit {
                            value: 10,
                            units: 1e-9,
                        },
                    ),
                },
                Point {
                    x: Integer(
                        IntegerUnit {
                            value: 20,
                            units: 1e-9,
                        },
                    ),
                    y: Integer(
                        IntegerUnit {
                            value: 20,
                            units: 1e-9,
                        },
                    ),
                },
                Point {
                    x: Integer(
                        IntegerUnit {
                            value: 10,
                            units: 1e-9,
                        },
                    ),
                    y: Integer(
                        IntegerUnit {
                            value: 10,
                            units: 1e-9,
                        },
                    ),
                },
            ],
            layer: 1,
            data_type: 0,
        },
    ),
]
