---
source: crates/gdsr/src/cell/mod.rs
expression: rotated_elements
---
[
    Polygon(
        Polygon {
            points: [],
            layer: 0,
            data_type: 0,
        },
    ),
    Path(
        Path {
            points: [],
            layer: 0,
            data_type: 0,
            type: None,
            width: None,
        },
    ),
    Text(
        Text {
            value: "",
            origin: Point {
                x: Float(
                    Float {
                        value: 5.0,
                        units: 1e-9,
                    },
                ),
                y: Float(
                    Float {
                        value: 5.0,
                        units: 1e-9,
                    },
                ),
            },
            layer: 0,
            datatype: 0,
            magnification: 1.0,
            angle: 90.0,
            x_reflection: false,
            vertical_presentation: Middle,
            horizontal_presentation: Centre,
        },
    ),
    Polygon(
        Polygon {
            points: [],
            layer: 0,
            data_type: 0,
        },
    ),
]
